14:52:39 **** Incremental Build of configuration Debug for project main ****
make -j8 all 
arm-none-eabi-gcc "../Core/Src/steps.c" -mcpu=cortex-m4 -std=gnu11 -g3 -DDEBUG -DUSE_HAL_DRIVER -DSTM32L432xx -c -I../Core/Inc -I../Drivers/STM32L4xx_HAL_Driver/Inc -I../Drivers/STM32L4xx_HAL_Driver/Inc/Legacy -I../Drivers/CMSIS/Device/ST/STM32L4xx/Include -I../Drivers/CMSIS/Include -O0 -ffunction-sections -fdata-sections -Wall -fstack-usage -MMD -MP -MF"Core/Src/steps.d" -MT"Core/Src/steps.o" --specs=nano.specs -mfpu=fpv4-sp-d16 -mfloat-abi=hard -mthumb -o "Core/Src/steps.o"
arm-none-eabi-gcc -o "main.elf" @"objects.list"   -mcpu=cortex-m4 -T"C:\Users\mateu\STM32CubeIDE\Cockroach\main\STM32L432KCUX_FLASH.ld" --specs=nosys.specs -Wl,-Map="main.map" -Wl,--gc-sections -static --specs=nano.specs -mfpu=fpv4-sp-d16 -mfloat-abi=hard -mthumb -Wl,--start-group -lc -lm -Wl,--end-group
Finished building target: main.elf
 
arm-none-eabi-size   main.elf 
arm-none-eabi-objdump -h -S  main.elf  > "main.list"
arm-none-eabi-objcopy  -O binary  main.elf  "main.bin"
   text	   data	    bss	    dec	    hex	filename
  15388	     20	   1660	  17068	   42ac	main.elf
Finished building: default.size.stdout
 
Finished building: main.bin
 
Finished building: main.list
 
14:52:53 **** Incremental Build of configuration Debug for project main ****
make -j8 all 
arm-none-eabi-size   main.elf 
   text	   data	    bss	    dec	    hex	filename
  15388	     20	   1660	  17068	   42ac	main.elf
Finished building: default.size.stdout
 
