01:53:19 **** Incremental Build of configuration Debug for project main ****
make -j8 all 
arm-none-eabi-gcc "../Core/Src/main.c" -mcpu=cortex-m4 -std=gnu11 -g3 -DDEBUG -DUSE_HAL_DRIVER -DSTM32L432xx -c -I../Core/Inc -I../Drivers/STM32L4xx_HAL_Driver/Inc -I../Drivers/STM32L4xx_HAL_Driver/Inc/Legacy -I../Drivers/CMSIS/Device/ST/STM32L4xx/Include -I../Drivers/CMSIS/Include -O0 -ffunction-sections -fdata-sections -Wall -fstack-usage -MMD -MP -MF"Core/Src/main.d" -MT"Core/Src/main.o" --specs=nano.specs -mfpu=fpv4-sp-d16 -mfloat-abi=hard -mthumb -o "Core/Src/main.o"
../Core/Src/main.c: In function 'main':
../Core/Src/main.c:110:5: warning: implicit declaration of function 'Set' [-Wimplicit-function-declaration]
  110 |     Set();
      |     ^~~
../Core/Src/main.c:112:5: warning: implicit declaration of function 'first' [-Wimplicit-function-declaration]
  112 |     first();
      |     ^~~~~
../Core/Src/main.c:122:7: warning: implicit declaration of function 'second' [-Wimplicit-function-declaration]
  122 |       second();
      |       ^~~~~~
../Core/Src/main.c:124:7: warning: implicit declaration of function 'third' [-Wimplicit-function-declaration]
  124 |       third();
      |       ^~~~~
../Core/Src/main.c:126:8: warning: implicit declaration of function 'forth' [-Wimplicit-function-declaration]
  126 |        forth();
      |        ^~~~~
../Core/Src/main.c:128:8: warning: implicit declaration of function 'five' [-Wimplicit-function-declaration]
  128 |        five();
      |        ^~~~
arm-none-eabi-gcc -o "main.elf" @"objects.list"   -mcpu=cortex-m4 -T"C:\Users\mateu\STM32CubeIDE\Cockroach\main\STM32L432KCUX_FLASH.ld" --specs=nosys.specs -Wl,-Map="main.map" -Wl,--gc-sections -static --specs=nano.specs -mfpu=fpv4-sp-d16 -mfloat-abi=hard -mthumb -Wl,--start-group -lc -lm -Wl,--end-group
Finished building target: main.elf
 
arm-none-eabi-size   main.elf 
arm-none-eabi-objdump -h -S  main.elf  > "main.list"
arm-none-eabi-objcopy  -O binary  main.elf  "main.bin"
   text	   data	    bss	    dec	    hex	filename
  16036	     20	   1660	  17716	   4534	main.elf
Finished building: default.size.stdout
 
Finished building: main.bin
 
Finished building: main.list
 
01:53:24 **** Incremental Build of configuration Debug for project main ****
make -j8 all 
arm-none-eabi-size   main.elf 
   text	   data	    bss	    dec	    hex	filename
  16036	     20	   1660	  17716	   4534	main.elf
Finished building: default.size.stdout
 
01:53:25 **** Incremental Build of configuration Debug for project main ****
make -j8 all 
arm-none-eabi-size   main.elf 
   text	   data	    bss	    dec	    hex	filename
  16036	     20	   1660	  17716	   4534	main.elf
Finished building: default.size.stdout
 
